[www.chatwoot.com/index.html]
[backblue.gif]
[fade.gif]
[index.html]
[www.chatwoot.com/sitemap.xml]
[buttons.github.io/buttons.js]
[www.chatwoot.com/webpack-runtime-08d87c41218eac005976.js]
[www.chatwoot.com/rss.xml]
[www.chatwoot.com/framework-fa6d845923f9dcefc452.js]
[www.chatwoot.com/b637e9a5-2a8a2150d837b0f78c91.js]
[www.chatwoot.com/app-7cba40d827ae124fd645.js]
[www.chatwoot.com/styles-c4fa86dfd4ad05097eee.js]
[www.chatwoot.com/commons-b719a123fdcd1b4e7fb9.js]
[www.chatwoot.com/component---src-pages-index-js-ec2720dcef7559881aee.js]
[www.chatwoot.com/page-data/index/page-data.json]
[www.chatwoot.com/page-data/sq/d/3358003245.json]
[www.chatwoot.com/page-data/app-data.json]
[www.chatwoot.com/features/shared-inbox/index.html]
[www.chatwoot.com/features/channels/index.html]
[www.chatwoot.com/features/live-chat/index.html]
[www.chatwoot.com/mobile-apps/index.html]
[www.chatwoot.com/features/integrations/index.html]
[d33wubrfki0l68.cloudfront.net/2ac7d6506ad660295f266e097d75d7c11b1fe30b/81215/images/logos/nc-state.jpg]
[www.chatwoot.com/pricing/index.html]
[d33wubrfki0l68.cloudfront.net/52ffc7e105f81bce337ae00377f9c7a86413ca16/303e7/images/logos/beeper.png]
[www.chatwoot.com/features/automations/index.html]
[www.chatwoot.com/features/chatbots/index.html]
[www.chatwoot.com/blog/index.html]
[d33wubrfki0l68.cloudfront.net/2dbe8e53591b2a0630f871e0c0d9f60cdc90ac55/e9402/images/logos/aster.png]
[d33wubrfki0l68.cloudfront.net/791e0bd9437861e162ebd09cc685137023844b6d/b1023/images/logos/french.png]
[d33wubrfki0l68.cloudfront.net/fb691d54af3e05d5367f831cf8e16183fb97bdf8/b7e27/images/logos/globalpress.png]
[d33wubrfki0l68.cloudfront.net/0c3200292addbafed427f00dc3e4c8aef302315c/f3d79/new/landing/dashboard.png]
[www.chatwoot.com/help-center/index.html]
[d33wubrfki0l68.cloudfront.net/c43307b88fb814366e4f3a181c788796cba83faa/4c05c/new/landing/omnichannel.png]
[d33wubrfki0l68.cloudfront.net/e5290c26cc1703e54e0afe3d1472046098ecd819/53775/new/landing/live-chat.png]
[d33wubrfki0l68.cloudfront.net/1205a454c4b64452a51930c9b0043f8db9ff8271/d202e/new/landing/chat-bot.png]
[d33wubrfki0l68.cloudfront.net/95f0e00d11210aa5b53c3e4eaae9ac72a2fac11f/97830/new/landing/canned-responses.png]
[www.chatwoot.com/changelog/index.html]
[d33wubrfki0l68.cloudfront.net/4eac8f13b3710cedf6f731b6a3cffd661a72e1db/0dcf1/new/landing/user-mentions.png]
[d33wubrfki0l68.cloudfront.net/c645f80ce60951ccfe3c4394092cbc41ceada7bd/bcb56/new/landing/self-host.png]
[www.chatwoot.com/deploy/index.html]
[www.chatwoot.com/community/index.html]
[www.chatwoot.com/request-a-demo/index.html]
[www.chatwoot.com/blog/v2-5-0/index.html]
[d33wubrfki0l68.cloudfront.net/c00ae47f761fd427ef43249c785767a2262f61c3/fabc7/new/landing/api.png]
[d33wubrfki0l68.cloudfront.net/69c6e6f855a92fde9b60ffee2e75a32efb03be06/4f41a/static/button-app-08184ec81432c8a0013f00aa0991a946.png]
[d33wubrfki0l68.cloudfront.net/79021b22424cfb51e227079b6a89c357a5df82c9/2a372/static/button-play-311b38111ad765165fc83bebfe3b89ae.png]
[d33wubrfki0l68.cloudfront.net/fb889e2e459a160d540bdc2d35cea2dbce48b7d4/8971c/images/pages/home/investors/yc.png]
[d33wubrfki0l68.cloudfront.net/08e69c983383270da8112c89a3c6a9f0b2e107d0/1fc87/images/pages/home/investors/goat-capital.png]
[www.chatwoot.com/docs/self-hosted/index.html]
[www.chatwoot.com/developers/api/index.html]
[www.chatwoot.com/docs/product.html]
[www.chatwoot.com/docs/contributing-guide.html]
[www.chatwoot.com/docs/handbook/about-chatwoot/history.html]
[www.google-analytics.com/analytics.js]
[www.chatwoot.com/terms-of-service/index.html]
[www.chatwoot.com/team/index.html]
[www.chatwoot.com/privacy-policy/index.html]
[app.chatwoot.com/packs/js/sdk.js]
[d33wubrfki0l68.cloudfront.net/js/2a05b5892c6693a01b24ca713a4077438d9246ec/polyfill-d3ccbdab0f94edefc170.js]
[www.chatwoot.com/index.html]
[d33wubrfki0l68.cloudfront.net/bundles/a27140923f2839753d1a17873a44230e133523a3.js]
[www.chatwoot.com/component---src-pages-features-shared-inbox-js-0231b4d32acede0f613a.js]
[www.chatwoot.com/page-data/features/shared-inbox/page-data.json]
[d33wubrfki0l68.cloudfront.net/8cd2ca7c465bdc32549d15b5ed31bbb357b0cbdf/269ee/static/one-inbox-for-all-127ad26494ff0faf7d8b0e66929d4fc5.png]
[d33wubrfki0l68.cloudfront.net/f5f71122a227ac9dd052ea8c03b59daeb12f83c5/260d3/static/multiple-inboxes-9a456a512662b60803c71b73c2803c3b.png]
[d33wubrfki0l68.cloudfront.net/0d2a19c6a74c4448077a6b9dff87c08500d0741b/f1540/static/collaboration-4b1723c841538cfae9de89c27d85c199.png]
[d33wubrfki0l68.cloudfront.net/44d2669cf3488f81e6197003dd919f67f33b674f/bd0e9/static/canned-responses-3e0cc6aa0125f2c88276e8417fbc3638.png]
[www.chatwoot.com/features/shared-inbox/index.html]
[d33wubrfki0l68.cloudfront.net/bundles/baccdd5db7bb6607ec4d51c99a3775a22624b594.js]
[www.chatwoot.com/component---src-pages-features-live-chat-js-a66951f81ba0a0fb225a.js]
[www.chatwoot.com/page-data/features/live-chat/page-data.json]
[d33wubrfki0l68.cloudfront.net/91ef5f87bfd274ddd8fb722e07dfe6ee47b1b6de/2d36b/static/live-chat-software-652acfc4ccf52f4647fd00cc559dbc65.png]
[d33wubrfki0l68.cloudfront.net/c7e7296d7ae7d0824ad304df727f30d4c23be8c8/edc53/static/message-view-9f37f5edf5ca41bf61f4f72d18f7ca4a.png]
[d33wubrfki0l68.cloudfront.net/5d7fdfeb23c245916a2983001aa57b40ab78097d/eb3b7/static/multiple-inbox-6b047e2700a68704fc1938f6317d36f0.png]
[www.chatwoot.com/features/live-chat/index.html]
[d33wubrfki0l68.cloudfront.net/bundles/a0ff5810d0349f33bc9ddabe59374af48494bf51.js]
[www.chatwoot.com/component---src-pages-features-channels-js-27b760d11dfef9b35477.js]
[www.chatwoot.com/page-data/features/channels/page-data.json]
[d33wubrfki0l68.cloudfront.net/2f9c794e0013ff13f752b9ce283eb576a9c67c3c/b7736/static/multiple-conversations-024a01e1f150d19e47826eacbc4de12e.png]
[d33wubrfki0l68.cloudfront.net/4bf59ad78a0ca139b7fd55203dbdb73607d3c166/74671/static/supported-channels-ceb2cbc8b1c2d5ba54bc5d44ba883798.png]
[d33wubrfki0l68.cloudfront.net/5851d9f3c51178256457354d59f0a6c5843d1629/4cb07/static/tweets-128d1e2ec700e18e4c4eb8ceee764ff8.png]
[d33wubrfki0l68.cloudfront.net/e8493801a44e3208ed416a1612ae15f05ba799f2/b7b46/static/fb-64180640fe075fcb79f99383be845ad0.png]
[d33wubrfki0l68.cloudfront.net/1a9534f860b7f40ff3bac70fc308298f3ed34872/6cd08/static/whatsapp-4b5c4d287c0d7a63762e8071a2093872.png]
[d33wubrfki0l68.cloudfront.net/b673b120232e59d74fafcf9a45cbe164473c3c20/a6c46/static/api-channel-22aca8bb75418a2b8c7708b5ed4406ef.png]
[www.chatwoot.com/features/channels/index.html]
[d33wubrfki0l68.cloudfront.net/bundles/a6f5032560f64ae66b3c241499e3d1619e05d3be.js]
[www.chatwoot.com/component---src-pages-features-automations-js-a55298456a7a258db206.js]
[www.chatwoot.com/page-data/features/automations/page-data.json]
[d33wubrfki0l68.cloudfront.net/b23d15b0b28d9554198da480c6a0cc76334dfd8d/d7234/static/automations-hero-73dd9bcedced490aa969c20902c2103d.png]
[d33wubrfki0l68.cloudfront.net/776b0d3810277c585d7d53965ade6d256b575571/43e3c/static/automations-flow-c042892f8ef76bd3bc61d130d4c6adad.png]
[www.chatwoot.com/features/automations/index.html]
[d33wubrfki0l68.cloudfront.net/bundles/3f714817adefd4a222f9be94601dab65f1da2453.js]
[www.chatwoot.com/component---src-pages-features-chatbots-js-514c87b799e2dc3694da.js]
[www.chatwoot.com/page-data/features/chatbots/page-data.json]
[d33wubrfki0l68.cloudfront.net/47b083fda922a84546dfc464413896c159e55b85/b6386/static/chat-958d13cc16f58d1649ab8a35bb579586.gif]
[d33wubrfki0l68.cloudfront.net/15c9bba2d3f6da47d1437c2bf6bb7e9fa791a351/440a2/static/agent-bot-handoff-ef80e68c0a8c16e6f70b05a0f76600d3.png]
[d33wubrfki0l68.cloudfront.net/1262d59752ab6c3ccb325b42123f1859eab3aede/22ced/static/message-types-169514dd49fece50a169669c2a961bdd.png]
[www.chatwoot.com/features/chatbots/index.html]
[d33wubrfki0l68.cloudfront.net/bundles/77559e7c2dff6c1f2a428effaec7054650654d45.js]
[www.chatwoot.com/component---src-pages-mobile-apps-js-48c02aa1cfa6927b9cfd.js]
[www.chatwoot.com/page-data/mobile-apps/page-data.json]
[d33wubrfki0l68.cloudfront.net/0d4fbe8734b9b2ee810d27dbdc4fffe45465f829/5b647/static/phone-hero-fdebbe895b7827089cadee446565cb55.png]
[www.chatwoot.com/mobile-apps/index.html]
[d33wubrfki0l68.cloudfront.net/bundles/8ac4bea2ad1f09b9a3de9960735c73ef2b6889e7.js]
[www.chatwoot.com/component---src-pages-features-integrations-index-js-73870156e9db45b5be4b.js]
[www.chatwoot.com/page-data/features/integrations/page-data.json]
[d33wubrfki0l68.cloudfront.net/9455c4589b85391a3fcd829e00b2c205ec791b75/20030/static/wordpress-73ce9a8847d8059bb0a7e04bb1912a4e.png]
[www.chatwoot.com/features/integrations/slack/index.html]
[www.chatwoot.com/docs/product/channels/live-chat/integrations/wordpress.html]
[d33wubrfki0l68.cloudfront.net/6e670b0effbd5b2d07bdd042780403c3635225dc/6f660/static/clearbit-b77fd2e05353921016f7aa4f886f8caa.png]
[www.chatwoot.com/features/integrations/index.html]
[d33wubrfki0l68.cloudfront.net/bundles/88e397c2f9feb287e7601ebeed56fc129ec72f5d.js]
[www.chatwoot.com/docs/product/channels/live-chat/integrations/dialogflow.html]
[www.chatwoot.com/component---src-pages-pricing-js-95c67544ec102cecfced.js]
[www.chatwoot.com/page-data/pricing/page-data.json]
[www.chatwoot.com/pricing/index.html]
[d33wubrfki0l68.cloudfront.net/bundles/25f765b359d138b7074eace926f83ebdc925c2cd.js]
[www.chatwoot.com/component---src-pages-help-center-js-b85451f5cc5e89f78f6c.js]
[www.chatwoot.com/page-data/help-center/page-data.json]
[www.chatwoot.com/docs/self-hosted.html]
[www.chatwoot.com/help-center/index.html]
[d33wubrfki0l68.cloudfront.net/bundles/e894d998f8eacea26e41f38682e7c9bc166d8287.js]
[www.chatwoot.com/6f4f56ee44457b9a2b2b5386033ca614e696928e-ae158bf30ce4c5ad2b76.js]
[www.chatwoot.com/component---src-pages-blog-js-c3f9451761c1b8afde7e.js]
[www.chatwoot.com/page-data/blog/page-data.json]
[www-internal-blog.chatwoot.com/content/images/2022/05/pre-chat-form-and-automations.png]
[www.chatwoot.com/blog/pre-chat-form-automations/index.html]
[www-internal-blog.chatwoot.com/content/images/2022/04/hricha.jpg]
[www-internal-blog.chatwoot.com/content/images/2022/04/Group.png]
[www-internal-blog.chatwoot.com/content/images/2021/12/undraw_Community_re_cyrm-1.png]
[www.chatwoot.com/blog/the-complete-guide-to-building-your-customer-experience-strategy-in-2022/index.html]
[www-internal-blog.chatwoot.com/content/images/2021/10/image.jpg]
[www-internal-blog.chatwoot.com/content/images/2021/10/Group-2.jpg]
[www-internal-blog.chatwoot.com/content/images/2021/09/image.jpg]
[www-internal-blog.chatwoot.com/content/images/2021/08/deeplinking-banner.png]
[www.chatwoot.com/blog/chatwoot-september-update/index.html]
[www.chatwoot.com/blog/2-0-release-ee-edition-et-al/index.html]
[www.chatwoot.com/blog/building-a-community-around-a-product/index.html]
[www.chatwoot.com/blog/hacktoberfest-2021-at-chatwoot/index.html]
[www-internal-blog.chatwoot.com/content/images/2021/08/Screenshot-2021-08-15-at-2.39.18-PM.png]
[www.chatwoot.com/blog/implementing-deep-linking-in-react-native/index.html]
[www.chatwoot.com/blog/chatwoot-august-update/index.html]
[www-internal-blog.chatwoot.com/content/images/2021/08/local_tunnel_ts.png]
[www-internal-blog.chatwoot.com/content/images/2021/08/zQK4swoV_400x400.jpg]
[www-internal-blog.chatwoot.com/content/images/2021/08/long_way_to_go.png]
[www-internal-blog.chatwoot.com/content/images/2021/08/confused-about-pricing.png]
[www-internal-blog.chatwoot.com/content/images/2021/08/one-year-since-open-sourcing-chatwoot.png]
[www-internal-blog.chatwoot.com/content/images/2021/08/sojan-official.jpg]
[www-internal-blog.chatwoot.com/content/images/2021/08/its-a-bot-story.png]
[www.chatwoot.com/blog/manage-external-service-callbacks-with-local-tunnel/index.html]
[www.chatwoot.com/blog/woot-journals-one-year-since-open-sourcing-chatwoot/index.html]
[www-internal-blog.chatwoot.com/content/images/2021/08/new-decade-2020.png]
[www.chatwoot.com/blog/its-a-bot-story/index.html]
[www-internal-blog.chatwoot.com/content/images/2021/08/red-pill-blue-pill.png]
[www.chatwoot.com/blog/2020-year-in-review/index.html]
[www-internal-blog.chatwoot.com/content/images/2021/08/camping.png]
[www.chatwoot.com/blog/how-to-decide-pricing-plans-for-your-opensource-product/index.html]
[www.chatwoot.com/blog/new-decade-and-the-road-ahead/index.html]
[www.chatwoot.com/blog/building-in-the-open/index.html]
[www.chatwoot.com/blog/answering-an-acquistion-offer/index.html]
[www.chatwoot.com/blog/index.html]
[d33wubrfki0l68.cloudfront.net/bundles/0a5baef1e7b0e8110bd0672b252d31fec03b5313.js]
[www.chatwoot.com/component---src-pages-changelog-js-1e442c9ad29c94bf2a5e.js]
[www.chatwoot.com/page-data/changelog/page-data.json]
[www.chatwoot.com/changelog/index.html]
[www.chatwoot.com/blog/v2-3-2/index.html]
[www.chatwoot.com/blog/v2-4-0/index.html]
[www.chatwoot.com/blog/v2-3-0/index.html]
[d33wubrfki0l68.cloudfront.net/bundles/e0a60b6a2e80e0494a288522ec101c2131cff07e.js]
[www.chatwoot.com/component---src-pages-community-js-483e1617ead3411671ca.js]
[www.chatwoot.com/blog/v2-2-0/index.html]
[www.chatwoot.com/page-data/community/page-data.json]
[www.chatwoot.com/blog/v1-22-0/index.html]
[www.chatwoot.com/blog/v1-21-0/index.html]
[www.chatwoot.com/blog/v1-22-1/index.html]
[d33wubrfki0l68.cloudfront.net/1bcdfca70b37bcdf39e687348d7403edba90e151/c2f56/images/pages/community/hero.png]
[www.chatwoot.com/blog/v1-20-0/index.html]
[www.chatwoot.com/blog/v1-19-0/index.html]
[www.chatwoot.com/blog/mobile-v1-3/index.html]
[www.chatwoot.com/blog/v1-17-0/index.html]
[www.chatwoot.com/blog/v1-16-1/index.html]
[www.chatwoot.com/blog/v1-16-2-hotfix/index.html]
[www.chatwoot.com/blog/v1-18-0/index.html]
[www.chatwoot.com/community/index.html]
[www.chatwoot.com/blog/v1-15-1-security-hotfix/index.html]
[www.chatwoot.com/blog/v1-14-2-hotfix/index.html]
[www.chatwoot.com/blog/v1-15-0/index.html]
[www.chatwoot.com/blog/v1-14-1-bugfix/index.html]
[d33wubrfki0l68.cloudfront.net/bundles/8638db84124817de99b1a0c6529e5c78644cebd1.js]
[www.chatwoot.com/component---templates-blog-template-js-b994a59fc5263c448d95.js]
[www.chatwoot.com/page-data/blog/v2-5-0/page-data.json]
[www.chatwoot.com/blog/v1-14-0/index.html]
[www.chatwoot.com/blog/v1-13-0/index.html]
[www.chatwoot.com/blog/v1-12-2-hotfix/index.html]
[www-internal-blog.chatwoot.com/content/images/2022/05/read-receipts.png]
[www.chatwoot.com/blog/v1-12-1/index.html]
[www.chatwoot.com/blog/v1-12-0/index.html]
[www.chatwoot.com/blog/v1-11-1/index.html]
[www.chatwoot.com/blog/v1-11-0/index.html]
[www.chatwoot.com/blog/v1-9-0/index.html]
[www-internal-blog.chatwoot.com/content/images/2022/05/report-filters.8b.delayed]
[www.chatwoot.com/blog/v1-10-0/index.html]
[www.chatwoot.com/blog/v1-8-0/index.html]
[www.chatwoot.com/blog/v1-7-2/index.html]
[www.chatwoot.com/blog/v1-7-1/index.html]
[www.chatwoot.com/blog/v1-7-0/index.html]
[www-internal-blog.chatwoot.com/content/images/2022/05/pre-chat-form.png]
[www-internal-blog.chatwoot.com/content/images/2022/05/event-subscriptions.png]
[www.chatwoot.com/blog/v1-6-0/index.html]
[www.chatwoot.com/blog/v1-5-2/index.html]
[www.chatwoot.com/blog/v1-5-1/index.html]
[www.chatwoot.com/blog/v2-5-0/index.html]
[d33wubrfki0l68.cloudfront.net/bundles/b28aaa5ed456e063a80b1d3900b5c7911633ba36.js]
[www.chatwoot.com/blog/v1-5-0/index.html]
[www.chatwoot.com/blog/v1-4-2/index.html]
[www.chatwoot.com/blog/v1-4-1/index.html]
[www.chatwoot.com/component---src-pages-deploy-js-9e8508bd4d8a23eab4c5.js]
[www.chatwoot.com/page-data/deploy/page-data.json]
[www.chatwoot.com/blog/v1-4-0/index.html]
[d33wubrfki0l68.cloudfront.net/c1d4bd652f137b93ec9ca8164ab028accd329bd9/b1801/images/deploy/aws.png]
[www.chatwoot.com/docs/self-hosted/deployment/aws.html]
[www.chatwoot.com/docs/self-hosted/deployment/azure.html]
[d33wubrfki0l68.cloudfront.net/404a26706459aca1f9c709589dc5ff303ddb8551/609a7/images/deploy/azure.png]
[d33wubrfki0l68.cloudfront.net/7368cdacc9246f8623500becd832d473f37e3667/0c1ba/images/deploy/gcp.png]
[www.chatwoot.com/docs/self-hosted/deployment/gcp.html]
[www.chatwoot.com/docs/self-hosted/deployment/digital-ocean.html]
[d33wubrfki0l68.cloudfront.net/33001aa9f4f61ee44121b3d816346c53babcf04e/9b34d/images/deploy/do.png]
[www.chatwoot.com/docs/self-hosted/deployment/heroku.html]
[d33wubrfki0l68.cloudfront.net/ce6633dd198f443aea305056783fca2e9cbf619b/4ed4a/images/deploy/heroku.png]
[d33wubrfki0l68.cloudfront.net/3c310b82eb4884c8e8a1a02348f752c29d5b9fae/f5471/images/deploy/ubuntu.png]
[www.chatwoot.com/docs/self-hosted/deployment/linux-vm.html]
[www.chatwoot.com/docs/self-hosted/deployment/docker.html]
[d33wubrfki0l68.cloudfront.net/a500423d7505628e8b5452b6a52bf38c1f76f58d/bd4e0/images/deploy/docker.png]
[d33wubrfki0l68.cloudfront.net/fedeb4b91dcdb791a71687b4d1917932c5196543/edb5d/images/deploy/helm-charts.png]
[www.chatwoot.com/docs/self-hosted/deployment/helm-charts.html]
[www.chatwoot.com/docs/self-hosted/deployment/architecture.html]
[www.chatwoot.com/docs/self-hosted/deployment/requirements.html]
[www.chatwoot.com/deploy/index.html]
[d33wubrfki0l68.cloudfront.net/bundles/3dbff8fad0f42ceb7e44226b91a7ef8813dd90cd.js]
[www.chatwoot.com/component---src-pages-request-a-demo-js-b0df0b144ac345dfe866.js]
[www.chatwoot.com/page-data/request-a-demo/page-data.json]
[static.airtable.com/js/embed/embed_snippet_v1.js]
[www.chatwoot.com/request-a-demo/index.html]
[d33wubrfki0l68.cloudfront.net/bundles/be5d0587ef35c43ad5fad5da5eaf01259ab7f9a4.js]
[www.chatwoot.com/0abf01d3-b62eb83a33c6cab29dd8.js]
[www.chatwoot.com/9f96d65d-bbea4e1d8fadfe95af37.js]
[www.chatwoot.com/8313d723-2ad1425917d77d7dbee5.js]
[www.chatwoot.com/component---src-pages-developers-api-js-e6fbd35471ccddb09739.js]
[www.chatwoot.com/page-data/developers/api/page-data.json]
[www.chatwoot.com/0c08fbcea2b13d75aeaea7e925c15f4aaf5043b2-124374418c944ba94ffe.js]
[www.chatwoot.com/developers/api/index.html]
[d33wubrfki0l68.cloudfront.net/bundles/b083ecd103ed6efaf0365efad447fde824306d49.js]
[www.chatwoot.com/component---src-pages-team-js-e64f3fa8ccda2894c359.js]
[www.chatwoot.com/page-data/team/page-data.json]
[d33wubrfki0l68.cloudfront.net/6b15201cfd0c541dd6b06c4bc6d9d65825916a09/062f1/images/team/pranav.jpg]
[d33wubrfki0l68.cloudfront.net/1417049f7432fd6dd5ec2ace5d9d0675b4a2fea9/58d6a/images/team/sojan.jpg]
[d33wubrfki0l68.cloudfront.net/fb9033b5c9768f40606d06668340a2b11aeacbc6/4f809/images/team/nithin.jpg]
[d33wubrfki0l68.cloudfront.net/9e2779827c1eab304c947b62a3ba1c8b970ea619/08564/images/team/muhsin.jpg]
[d33wubrfki0l68.cloudfront.net/99a368a631df2fc2dabb3cd8a8a4a4640fa9c284/7c840/images/team/vishnu.jpg]
[d33wubrfki0l68.cloudfront.net/f22fa56a3810961985c90e1fa50b8f262068b0de/7e990/images/team/sivin.jpg]
[d33wubrfki0l68.cloudfront.net/14e2218b3ccd3f875520cf8aa7b65287f75dfb0c/5e254/images/team/aswin.jpg]
[d33wubrfki0l68.cloudfront.net/075ebcf8f266c8bde78b79757435459056983007/1131d/images/team/tejaswini.jpg]
[d33wubrfki0l68.cloudfront.net/bb91cac9192ec00fbae6810d14de5bb99bf8e29e/d8451/images/team/fayaz.jpg]
[d33wubrfki0l68.cloudfront.net/1ee78dc2c7b5505807a6a6820766acdfd6489ed2/4fde0/images/team/hricha.jpg]
[www.chatwoot.com/team/index.html]
[d33wubrfki0l68.cloudfront.net/bundles/f6197ad22103b9c91f5879789adcc2af140b3181.js]
[www.chatwoot.com/docs/opensearch.xml]
[www.chatwoot.com/docs/img/favicon.png]
[www.chatwoot.com/docs/assets/css/styles.26f12db6.css]
[www.chatwoot.com/docs/assets/js/runtime_main.4fc0849a.js]
[www.chatwoot.com/docs/assets/js/main.f0cac5f2.js]
[www.chatwoot.com/docs/img/logo.png]
[www.chatwoot.com/docs/img/logo-white.png]
[www.chatwoot.com/docs/self-hosted/deployment/caprover.html]
[www.chatwoot.com/docs/self-hosted/deployment/cloudron.html]
[www.chatwoot.com/docs/self-hosted/deployment/clevercloud.html]
[www.chatwoot.com/docs/self-hosted/deployment/aws-marketplace.html]
[www.chatwoot.com/docs/self-hosted/deployment/performance/cloudfront-cdn.html]
[www.chatwoot.com/docs/self-hosted/configuration/environment-variables.html]
[www.chatwoot.com/docs/self-hosted/configuration/email-notifications.html]
[www.chatwoot.com/docs/self-hosted/configuration/enable-ip-logging.html]
[www.chatwoot.com/docs/self-hosted/monitoring/super-admin-sidekiq.html]
[www.chatwoot.com/docs/self-hosted/monitoring/apm-and-error-monitoring.html]
[www.chatwoot.com/docs/self-hosted/monitoring/rate-limiting.html]
[www.chatwoot.com/docs/self-hosted/configuration/features/email-channel/conversation-continuity.html]
[www.chatwoot.com/docs/self-hosted/configuration/features/email-channel/conversation-continuity-using-sendgrid.html]
[www.chatwoot.com/docs/self-hosted/configuration/features/email-channel/setup.html]
[www.chatwoot.com/docs/self-hosted/configuration/features/integrations/facebook-channel-setup.html]
[www.chatwoot.com/docs/self-hosted/configuration/features/integrations/instagram-channel-setup.html]
[www.chatwoot.com/docs/self-hosted/configuration/features/integrations/twitter-channel-setup.html]
[www.chatwoot.com/docs/self-hosted/configuration/features/integrations/slack-integration-setup.html]
[www.chatwoot.com/docs/self-hosted/deployment/storage/supported-providers.html]
[www.chatwoot.com/docs/self-hosted/deployment/storage/s3-bucket.html]
[www.chatwoot.com/docs/self-hosted/deployment/storage/gcs-bucket.html]
[www.chatwoot.com/docs/self-hosted/index.html]
[www.chatwoot.com/docs/self-hosted/telemetry.html]
[www.chatwoot.com/docs/user-guide/setup-your-account/create-an-account.html]
[www.chatwoot.com/docs/product/channels/live-chat/create-website-channel.html]
[www.chatwoot.com/docs/product/channels/facebook.html]
[www.chatwoot.com/docs/product/channels/instagram.html]
[www.chatwoot.com/docs/product/channels/twitter.html]
[www.chatwoot.com/docs/product/channels/whatsapp/twilio.html]
[www.chatwoot.com/docs/product/channels/sms/twilio.html]
[www.chatwoot.com/docs/product/channels/email/create-channel.html]
[www.chatwoot.com/docs/product/channels/api/create-channel.html]
[www.chatwoot.com/docs/product/channels/telegram.html]
[www.chatwoot.com/docs/product/channels/line.html]
[www.chatwoot.com/docs/product/channels/supported-features.html]
[www.chatwoot.com/docs/user-guide/features/canned-responses.html]
[www.chatwoot.com/docs/user-guide/features/custom-attributes.html]
[www.chatwoot.com/docs/user-guide/features/csat.html]
[www.chatwoot.com/docs/user-guide/contacts.html]
[www.chatwoot.com/docs/product/inbox/routing-conversations-round-robin.html]
[www.chatwoot.com/docs/user-guide/features/folders.html]
[www.chatwoot.com/docs/user-guide/features/keyboard-shortcuts.html]
[www.chatwoot.com/docs/user-guide/features/segments.html]
[www.chatwoot.com/docs/user-guide/features/commandbar.html]
[www.chatwoot.com/docs/user-guide/features/multilingual-support.html]
[www.chatwoot.com/docs/user-guide/reports.html]
[www.chatwoot.com/docs/user-guide/conversation-workflow.html]
[www.chatwoot.com/docs/product/others/advanced-conversation-filters.html]
[www.chatwoot.com/docs/user-guide/features/automations.html]
[www.chatwoot.com/docs/user-guide/features/pre-chat-form.html]
[www.chatwoot.com/docs/product/features/campaigns/ongoing.html]
[www.chatwoot.com/docs/product/others/agent-bots.html]
[www.chatwoot.com/docs/product/others/interactive-messages.html]
[www.chatwoot.com/docs/product/features/webhooks.html]
[www.chatwoot.com/docs/product/others/websocket-events.html]
[www.chatwoot.com/docs/product/others/cookies.html]
[www.chatwoot.com/docs/product/mobile-app/android.html]
[www.chatwoot.com/docs/product/mobile-app/ios.html]
[www.chatwoot.com/docs/product/others/faq.html]
[www.chatwoot.com/docs/user-guide/setup-your-account/configure-your-profile.html]
[www.chatwoot.com/docs/user-guide/setup-your-account/configure-account-details.html]
[www.chatwoot.com/docs/user-guide/add-agent-settings.html]
[www.chatwoot.com/docs/product/channels/whatsapp/360dialog.html]
[www.chatwoot.com/docs/product.html]
[www.chatwoot.com/docs/product/channels/sms/bandwidth.html]
[www.chatwoot.com/docs/contributing-guide/environment-setup/mac-os.html]
[www.chatwoot.com/docs/contributing-guide/environment-setup/ubuntu.html]
[www.chatwoot.com/docs/contributing-guide/environment-setup/windows.html]
[www.chatwoot.com/docs/contributing-guide/environment-setup/docker.html]
[www.chatwoot.com/docs/contributing-guide/project-setup.html]
[www.chatwoot.com/docs/contributing-guide/environment-variables.html]
[www.chatwoot.com/docs/contributing-guide/common-errors.html]
[www.chatwoot.com/docs/contributing-guide/telegram-channel-setup.html]
[www.chatwoot.com/docs/contributing-guide/line-channel-setup.html]
[www.chatwoot.com/docs/contributing-guide/mobile-app/setup-guide.html]
[www.chatwoot.com/docs/contributing-guide/mobile-app/custom-release-guide.html]
[www.chatwoot.com/docs/contributing-guide/tests/cypress.html]
[www.chatwoot.com/docs/contributing-guide/translation-guidelines.html]
[www.chatwoot.com/docs/contributing-guide/api-documentation.html]
[www.chatwoot.com/docs/contributing-guide/code-of-conduct.html]
[www.chatwoot.com/docs/contributing-guide/contributors.html]
[www.chatwoot.com/docs/handbook/engineering/issue-triage.html]
[www.chatwoot.com/docs/contributing-guide.html]
[www.chatwoot.com/docs/handbook/engineering/pr-guidelines.html]
[www.chatwoot.com/docs/handbook/about-chatwoot/investors.html]
[www.chatwoot.com/docs/handbook/how-we-work/communication.html]
[www.chatwoot.com/docs/handbook/design/guidelines.html]
[www.chatwoot.com/docs/handbook/engineering/frontend-guidelines.html]
[www.chatwoot.com/docs/handbook/engineering/release-process.html]
[www.chatwoot.com/docs/handbook/engineering/scheduled-maintenance.html]
[www.chatwoot.com/docs/handbook/engineering/swagger-documentation.html]
[www.chatwoot.com/docs/handbook/engineering/faq.html]
[www.chatwoot.com/docs/handbook/marketing/blog-post.html]
[www.chatwoot.com/docs/handbook/marketing/playbook.html]
[www.chatwoot.com/docs/handbook/marketing/guidelines-taking-product-screenshots-or-screencasts.html]
[www.chatwoot.com/docs/handbook/about-chatwoot/history.html]
[www.chatwoot.com/docs/handbook/marketing/brand-guidelines.html]
[www.chatwoot.com/component---src-pages-privacy-policy-js-45fed5417506498b24b5.js]
[www.chatwoot.com/page-data/privacy-policy/page-data.json]
[www.chatwoot.com/privacy-policy/index.html]
[d33wubrfki0l68.cloudfront.net/bundles/cd1f435242e87b1f5d929aba0b8983e66e9b4afd.js]
[www.chatwoot.com/component---src-pages-terms-of-service-js-7fd95cbdccbfae029973.js]
[www.chatwoot.com/page-data/terms-of-service/page-data.json]
[www.chatwoot.com/terms-of-service/index.html]
[d33wubrfki0l68.cloudfront.net/bundles/fa38ae4626e927e079067666d2a26f6f89ebcebf.js]
[www.chatwoot.com/component---src-pages-features-integrations-slack-js-b4e29e266f4230b9aa62.js]
[www.chatwoot.com/page-data/features/integrations/slack/page-data.json]
[www.chatwoot.com/features/integrations/slack/index.html]
[d33wubrfki0l68.cloudfront.net/bundles/820f8628f0b75df7283c60fcecd4037bec149957.js]
[www.chatwoot.com/docs/product/channels/live-chat/sdk/setup.html]
[www.chatwoot.com/docs/product/channels/live-chat/sdk/identity-validation.html]
[www.chatwoot.com/docs/product/channels/live-chat/sdk/live-chat-dark-mode.html]
[www.chatwoot.com/docs/product/channels/live-chat/conversation-continuity.html]
[www.chatwoot.com/docs/product/channels/live-chat/webflow-integration.html]
[www.chatwoot.com/docs/product/channels/live-chat/integrations/docusaurus.html]
[www.chatwoot.com/docs/product/channels/live-chat/integrations/google-tag-manager.html]
[www.chatwoot.com/docs/product/channels/live-chat/integrations/react-native-widget.html]
[www.chatwoot.com/docs/product/channels/live-chat/integrations/nextjs.html]
[www.chatwoot.com/docs/product/channels/live-chat/integrations/vue.html]
[www.chatwoot.com/docs/product/channels/live-chat/integrations/gatsby.html]
[www.chatwoot.com/docs/assets/images/download-zip-a93c3198e719c6ae358ffa5cf4986756.png]
[www.chatwoot.com/docs/assets/images/add-new-plugin-47ae9d77a0c680d70263bdb96d9399fb.png]
[www.chatwoot.com/docs/assets/images/upload-plugin-zip-file-df04148124a551eebeb0cce67b276f4d.png]
[www.chatwoot.com/docs/assets/images/activate-plugin-5f110e696dab17ba19a5040a62b26e0a.png]
[www.chatwoot.com/docs/assets/images/wordpress-plugin-installed-5481b693515ed12531359f8c04e27290.png]
[www.chatwoot.com/docs/assets/images/chatwoot-settings-cb5bbac36c99543cccffef3001c03909.png]
[www.chatwoot.com/docs/assets/images/chatwoot-options-9cf0473b04f0027c794733b504fdb3d2.png]
[www.chatwoot.com/docs/assets/images/website-inbox-ed8bc8722107b4f7c1b25173b567dc90.png]
[www.chatwoot.com/docs/assets/images/widget-on-website-e3a2ce15536eb4191218b24ba80b7ad0.png]
[www.chatwoot.com/docs/product/channels/live-chat/integrations/wordpress.html]
[www.chatwoot.com/docs/product/features/slack.html]
[www.chatwoot.com/docs/assets/images/add-to-chatwoot-463fe037a8269b447e13e5f9c3d4c891.png]
[www.chatwoot.com/docs/assets/images/create-new-agent-51f6b6bc6e6da84e81c18c0bbc06986a.png]
[www.chatwoot.com/docs/assets/images/default-intents-1159dded08111f981981ea9513cff68f.png]
[www.chatwoot.com/docs/assets/images/project-settings-7e5fb3d738a18ead8c0298b7af2b8276.png]
[www.chatwoot.com/docs/assets/images/service-account-console-418be807b0449cb5e3a1ba539a106407.png]
[www.chatwoot.com/docs/assets/images/service-account-details-4ab284d92f85ffca4f9f18702dcfc5b7.png]
[www.chatwoot.com/docs/assets/images/service-access-88029531f5f8437b409ed22d1e7cab8f.png]
[www.chatwoot.com/docs/assets/images/add-keys-885720919305b703fa3979807b445c7a.png]
[www.chatwoot.com/docs/assets/images/handoff-intent-c24d32864b162046bd0ec929b0cc1be1.png]
[www.chatwoot.com/docs/product/channels/live-chat/integrations/dialogflow.html]
[www.chatwoot.com/docs/self-hosted.html]
[www.chatwoot.com/docs/product/features/campaigns/one-off.html]
[www.chatwoot.com/page-data/blog/pre-chat-form-automations/page-data.json]
[www-internal-blog.chatwoot.com/content/images/2022/05/ezgif-2-9deec18cd4.gif]
[www-internal-blog.chatwoot.com/content/images/2022/05/live-chat-automation.jpg]
[www.chatwoot.com/blog/pre-chat-form-automations/index.html]
[www.chatwoot.com/page-data/blog/the-complete-guide-to-building-your-customer-experience-strategy-in-2022/page-data.json]
[www-internal-blog.chatwoot.com/content/images/2022/04/giphy.gif]
[www-internal-blog.chatwoot.com/content/images/2022/04/dashboard-Chatwoot.png]
[www.chatwoot.com/blog/the-complete-guide-to-building-your-customer-experience-strategy-in-2022/index.html]
[www.chatwoot.com/page-data/blog/building-a-community-around-a-product/page-data.json]
[www-internal-blog.chatwoot.com/content/images/2021/12/Screenshot-2021-12-19-at-7.54.29-PM.png]
[www.chatwoot.com/blog/building-a-community-around-a-product/index.html]
[www.chatwoot.com/blog/2-0-release-ee-edition-et-al/index.html]
[www.chatwoot.com/page-data/blog/2-0-release-ee-edition-et-al/page-data.json]
[www.chatwoot.com/page-data/blog/chatwoot-september-update/page-data.json]
[www-internal-blog.chatwoot.com/content/images/2021/10/Group.jpg]
[www.chatwoot.com/blog/chatwoot-september-update/index.html]
[www.chatwoot.com/page-data/blog/hacktoberfest-2021-at-chatwoot/page-data.json]
[www-internal-blog.chatwoot.com/content/images/2021/10/Screenshot-2021-10-01-at-1.50.37-PM.png]
[www.chatwoot.com/blog/hacktoberfest-2021-at-chatwoot/index.html]
[www.chatwoot.com/page-data/blog/chatwoot-august-update/page-data.json]
[www-internal-blog.chatwoot.com/content/images/2021/09/Screenshot-2021-08-30-at-6.53.18-PM.png]
[www-internal-blog.chatwoot.com/content/images/2021/09/Screenshot-2021-09-02-at-4.29.43-PM.png]
[www.chatwoot.com/blog/chatwoot-august-update/index.html]
[www.chatwoot.com/page-data/blog/implementing-deep-linking-in-react-native/page-data.json]
[www.chatwoot.com/c672ada90e37eecfd0ae0beaff4f976d/deeplinking-demo.gif]
[www.chatwoot.com/static/b85130d2d4fa3ed12bf6372cf618f580/16abd/deeplinking-xcode.png]
[www.chatwoot.com/blog/implementing-deep-linking-in-react-native/index.html]
[www.chatwoot.com/blog/manage-external-service-callbacks-with-local-tunnel/index.html]
[www.chatwoot.com/page-data/blog/manage-external-service-callbacks-with-local-tunnel/page-data.json]
[www.chatwoot.com/page-data/blog/2020-year-in-review/page-data.json]
[www.chatwoot.com/static/c281c15499e37ecdeee280adf8993ac6/16abd/chatwoot_widget_design.png]
[www.chatwoot.com/blog/2020-year-in-review/index.html]
[www.chatwoot.com/blog/how-to-decide-pricing-plans-for-your-opensource-product/index.html]
[www.chatwoot.com/page-data/blog/how-to-decide-pricing-plans-for-your-opensource-product/page-data.json]
[www.chatwoot.com/blog/woot-journals-one-year-since-open-sourcing-chatwoot/index.html]
[www.chatwoot.com/page-data/blog/woot-journals-one-year-since-open-sourcing-chatwoot/page-data.json]
[www.chatwoot.com/page-data/blog/its-a-bot-story/page-data.json]
[i.imgur.com/iedeIMj.png]
[www.chatwoot.com/blog/its-a-bot-story/index.html]
[www.chatwoot.com/page-data/blog/new-decade-and-the-road-ahead/page-data.json]
[i.imgur.com/ktqPN0j.png]
[www.chatwoot.com/blog/new-decade-and-the-road-ahead/index.html]
[www.chatwoot.com/blog/answering-an-acquistion-offer/index.html]
[www.chatwoot.com/page-data/blog/answering-an-acquistion-offer/page-data.json]
[www.chatwoot.com/blog/building-in-the-open/index.html]
[www.chatwoot.com/page-data/blog/building-in-the-open/page-data.json]
[www.chatwoot.com/page-data/blog/v2-4-0/page-data.json]
[www-internal-blog.chatwoot.com/content/images/2022/04/dark-mode-gif.gif]
[www-internal-blog.chatwoot.com/content/images/2022/04/Screenshot-2022-04-22-at-5.02.12-PM.png]
[www-internal-blog.chatwoot.com/content/images/2022/04/business-hour.png]
[www-internal-blog.chatwoot.com/content/images/2022/04/Screenshot-2022-04-22-at-5.41.14-PM.png]
[www-internal-blog.chatwoot.com/content/images/2022/04/Screenshot-2022-04-22-at-5.36.58-PM.png]
[www.chatwoot.com/blog/v2-4-0/index.html]
[www.chatwoot.com/page-data/blog/v2-3-2/page-data.json]
[www.chatwoot.com/blog/v2-3-2/index.html]
[www.chatwoot.com/blog/v2-3-0/index.html]
[www.chatwoot.com/page-data/blog/v2-3-0/page-data.json]
[www.chatwoot.com/page-data/blog/v2-2-0/page-data.json]
[www-internal-blog.chatwoot.com/content/images/2022/02/automations-1.png]
[www-internal-blog.chatwoot.com/content/images/2022/02/custom-attributes-1.png]
[www-internal-blog.chatwoot.com/content/images/2022/02/email-signature-1.png]
[www-internal-blog.chatwoot.com/content/images/2022/02/interactive-messages-3.png]
[www.chatwoot.com/blog/v2-2-0/index.html]
[www.chatwoot.com/page-data/blog/v1-22-1/page-data.json]
[www-internal-blog.chatwoot.com/content/images/2021/11/cm.png]
[www.chatwoot.com/blog/v1-22-1/index.html]
[www.chatwoot.com/page-data/blog/v1-22-0/page-data.json]
[www-internal-blog.chatwoot.com/content/images/2021/11/command-bar.png]
[www-internal-blog.chatwoot.com/content/images/2021/11/contact-notes-2.png]
[www-internal-blog.chatwoot.com/content/images/2021/11/custom-attributes.png]
[www-internal-blog.chatwoot.com/content/images/2021/11/op9KM17IQh.gif]
[www-internal-blog.chatwoot.com/content/images/2021/11/Ofcr5zzm89.gif]
[www.chatwoot.com/blog/v1-22-0/index.html]
[www.chatwoot.com/page-data/blog/v1-21-0/page-data.json]
[www-internal-blog.chatwoot.com/content/images/2021/10/instadms-1-.png]
[www-internal-blog.chatwoot.com/content/images/2021/10/report-filters-1-.png]
[www-internal-blog.chatwoot.com/content/images/2021/10/disconnect.png]
[www-internal-blog.chatwoot.com/content/images/2021/10/actions.png]
[www.chatwoot.com/blog/v1-21-0/index.html]
[www.chatwoot.com/page-data/blog/v1-20-0/page-data.json]
[www-internal-blog.chatwoot.com/content/images/2021/09/Group-2-1-.png]
[www-internal-blog.chatwoot.com/content/images/2021/09/Bitmap.png]
[www-internal-blog.chatwoot.com/content/images/2021/09/Screenshot-2021-09-16-at-12.17.07-PM.png]
[www-internal-blog.chatwoot.com/content/images/2021/09/Screenshot-2021-09-15-at-8.15.09-PM.png]
[www.chatwoot.com/blog/v1-20-0/index.html]
[www.chatwoot.com/page-data/blog/v1-19-0/page-data.json]
[www-internal-blog.chatwoot.com/content/images/2021/08/pending-1.png]
[www-internal-blog.chatwoot.com/content/images/2021/08/keyboard-shortcuts.png]
[www-internal-blog.chatwoot.com/content/images/2021/08/last-messages-in-chat.png]
[www-internal-blog.chatwoot.com/content/images/2021/08/cc-bcc-email-inbox.png]
[www.chatwoot.com/blog/v1-19-0/index.html]
[www.chatwoot.com/blog/mobile-v1-3/index.html]
[www.chatwoot.com/page-data/blog/mobile-v1-3/page-data.json]
[www.chatwoot.com/page-data/blog/v1-18-0/page-data.json]
[www.chatwoot.com/blog/v1-18-0/index.html]
[www.chatwoot.com/page-data/blog/v1-17-0/page-data.json]
[www.chatwoot.com/blog/v1-17-0/index.html]
[www.chatwoot.com/page-data/blog/v1-16-2-hotfix/page-data.json]
[www.chatwoot.com/blog/v1-16-2-hotfix/index.html]
[www.chatwoot.com/page-data/blog/v1-16-1/page-data.json]
[www.chatwoot.com/blog/v1-16-1/index.html]
[www.chatwoot.com/blog/v1-15-1-security-hotfix/index.html]
[www.chatwoot.com/page-data/blog/v1-15-1-security-hotfix/page-data.json]
[www.chatwoot.com/page-data/blog/v1-15-0/page-data.json]
[www.chatwoot.com/blog/v1-15-0/index.html]
[www.chatwoot.com/page-data/blog/v1-14-2-hotfix/page-data.json]
[www.chatwoot.com/blog/v1-14-2-hotfix/index.html]
[www.chatwoot.com/page-data/blog/v1-14-1-bugfix/page-data.json]
[www.chatwoot.com/blog/v1-14-1-bugfix/index.html]
[www.chatwoot.com/blog/v1-14-0/index.html]
[www.chatwoot.com/page-data/blog/v1-14-0/page-data.json]
[www.chatwoot.com/page-data/blog/v1-13-0/page-data.json]
[www.chatwoot.com/blog/v1-13-0/index.html]
[www.chatwoot.com/page-data/blog/v1-12-2-hotfix/page-data.json]
[www.chatwoot.com/blog/v1-12-2-hotfix/index.html]
[www.chatwoot.com/page-data/blog/v1-12-1/page-data.json]
[www.chatwoot.com/blog/v1-12-1/index.html]
[www.chatwoot.com/page-data/blog/v1-12-0/page-data.json]
[www.chatwoot.com/blog/v1-12-0/index.html]
[www.chatwoot.com/page-data/blog/v1-11-1/page-data.json]
[www.chatwoot.com/blog/v1-11-1/index.html]
[www.chatwoot.com/page-data/blog/v1-11-0/page-data.json]
[www.chatwoot.com/blog/v1-11-0/index.html]
[www.chatwoot.com/page-data/blog/v1-10-0/page-data.json]
[www.chatwoot.com/blog/v1-10-0/index.html]
[www.chatwoot.com/page-data/blog/v1-9-0/page-data.json]
[www.chatwoot.com/blog/v1-9-0/index.html]
[www.chatwoot.com/blog/v1-8-0/index.html]
[www.chatwoot.com/page-data/blog/v1-8-0/page-data.json]
[www.chatwoot.com/page-data/blog/v1-7-2/page-data.json]
[www.chatwoot.com/blog/v1-7-2/index.html]
[www.chatwoot.com/page-data/blog/v1-7-1/page-data.json]
[www.chatwoot.com/blog/v1-7-1/index.html]
[www.chatwoot.com/page-data/blog/v1-7-0/page-data.json]
[www.chatwoot.com/blog/v1-7-0/index.html]
[www.chatwoot.com/page-data/blog/v1-6-0/page-data.json]
[www.chatwoot.com/blog/v1-6-0/index.html]
[www.chatwoot.com/blog/v1-5-2/index.html]
[www.chatwoot.com/page-data/blog/v1-5-2/page-data.json]
[www.chatwoot.com/blog/v1-5-1/index.html]
[www.chatwoot.com/page-data/blog/v1-5-1/page-data.json]
[www.chatwoot.com/page-data/blog/v1-5-0/page-data.json]
[www.chatwoot.com/blog/v1-5-0/index.html]
[www.chatwoot.com/page-data/blog/v1-4-2/page-data.json]
[www.chatwoot.com/blog/v1-4-2/index.html]
[www.chatwoot.com/page-data/blog/v1-4-1/page-data.json]
[www.chatwoot.com/blog/v1-4-1/index.html]
[www.chatwoot.com/page-data/blog/v1-4-0/page-data.json]
[www.chatwoot.com/blog/v1-4-0/index.html]
[www.chatwoot.com/docs/assets/images/aws-01-architecture-40389a862845dbe82cac939efe2569ed.png]
[www.chatwoot.com/docs/assets/images/aws-02-create-vpc-6d71e8d0829e65e789541b3fb208bc83.png]
[www.chatwoot.com/docs/assets/images/aws-03-create-subnet-bfcb3c5cc29d51128f1e788f5826bd18.png]
[www.chatwoot.com/docs/assets/images/aws-04-create-igw-8e5c9f136d5ab5a7dacb7aa7bb5bc590.png]
[www.chatwoot.com/docs/assets/images/aws-05-create-nat-1964ee8ae24f4f0db3f8a1b0a8a7d88a.png]
[www.chatwoot.com/docs/assets/images/aws-06-create-rt-465fdfb8058ffcc4cc3370823bc9b0eb.png]
[www.chatwoot.com/docs/self-hosted/deployment/aws.html]
[www.chatwoot.com/docs/assets/images/azure-6293695a24b7aec394f3af0c74cde96a.png]
[www.chatwoot.com/docs/self-hosted/deployment/azure.html]
[www.chatwoot.com/docs/assets/images/gcp-54f289752615e9d7eb56cd965284b94c.png]
[www.chatwoot.com/docs/self-hosted/deployment/gcp.html]
[www.chatwoot.com/docs/assets/images/do-ab1ec8749312efa68f4378ba4334a3d4.png]
[www.chatwoot.com/docs/self-hosted/deployment/digital-ocean.html]
[www.chatwoot.com/docs/self-hosted/deployment/heroku.html]
[www.chatwoot.com/docs/self-hosted/deployment/linux-vm.html]
[www.chatwoot.com/docs/self-hosted/deployment/docker.html]
[www.chatwoot.com/docs/self-hosted/deployment/helm-charts.html]
[www.chatwoot.com/docs/assets/images/architecture-4b908cf6fd4286ec0990595f4cf29906.png]
[www.chatwoot.com/docs/self-hosted/deployment/architecture.html]
[www.chatwoot.com/docs/self-hosted/deployment/requirements.html]
[www.chatwoot.com/docs/assets/css/styles.26f12db6.css]
[www.chatwoot.com/docs/assets/images/caprover-websocket-69b9b2b6c2fe08b9662dcb0acd8d58e2.png]
[www.chatwoot.com/docs/self-hosted/deployment/caprover.html]
[www.chatwoot.com/docs/self-hosted/deployment/cloudron.html]
[www.chatwoot.com/docs/self-hosted/deployment/clevercloud.html]
[www.chatwoot.com/docs/assets/images/awsmp-01-subscribe-3cbd2a63eddbde2b773e96b3e2e8a434.png]
[www.chatwoot.com/docs/assets/images/awsmp-03-continue-b440bceb593890c917d37f0ac9f3a27c.png]
[www.chatwoot.com/docs/assets/images/awsmp-04-configure-dcb9bff3c6abab84b361dc7c5c5df459.png]
[www.chatwoot.com/docs/assets/images/awsmp-05-launch-4a37f041d28daf5e05fc0bb4a8ad0e7e.png]
[www.chatwoot.com/docs/assets/images/awsmp-07-sg-b698af0c806920ba5b70a7fbf51580ed.png]
[www.chatwoot.com/docs/assets/images/awsmp-08-keypair-b805e935278a4e624766a205b68c4aaf.png]
[www.chatwoot.com/docs/assets/images/awsmp-09-launch-d79b03b08044ad317517299a30a40cb1.png]
[www.chatwoot.com/docs/assets/images/awsmp-10-ec2-bceb8b77b04637a82c1a7f234cad4116.png]
[www.chatwoot.com/docs/assets/images/awsmp-11-public-ip-29f91ad8551b721a449337bab73300b6.png]
[www.chatwoot.com/docs/assets/images/awsmp-12-chatwoot-2d9844f65fac2aee0d050caf0c3a6fe4.png]
[www.chatwoot.com/docs/assets/images/awsmp-13-connect-f11080e9e502f3bcd4eb858e6874e217.png]
[www.chatwoot.com/docs/assets/images/awsmp-14-connect-340c743db9e8379e171fc2e5e2989a86.png]
[www.chatwoot.com/docs/self-hosted/deployment/aws-marketplace.html]
[www.chatwoot.com/docs/assets/images/create-distribution-f484b23adc3b550725d46a805393aa46.png]
[www.chatwoot.com/docs/assets/images/web-delivery-method-9f2dacd13341f8df0d9cfbb2c5a4dcdc.png]
[www.chatwoot.com/docs/assets/images/origin-settings-316ae97c9fddee19bace803b43f120d3.png]
[www.chatwoot.com/docs/assets/images/cache-behaviour-f94631d92fff3beacc0541321cd2388b.png]
[www.chatwoot.com/docs/assets/images/extra-headers-cfd123b509ba3647e172ba8f5c06a3f1.png]
[www.chatwoot.com/docs/assets/images/cdn-distribution-settings-f95d6598b26b358c98843abb4bc834bc.png]
[www.chatwoot.com/docs/self-hosted/deployment/performance/cloudfront-cdn.html]
[www.chatwoot.com/docs/self-hosted/configuration/environment-variables.html]
[www.chatwoot.com/docs/self-hosted/configuration/email-notifications.html]
[www.chatwoot.com/docs/self-hosted/configuration/enable-ip-logging.html]
[www.chatwoot.com/docs/self-hosted/monitoring/super-admin-sidekiq.html]
[www.chatwoot.com/docs/self-hosted/monitoring/apm-and-error-monitoring.html]
[www.chatwoot.com/docs/self-hosted/monitoring/rate-limiting.html]
[user-images.githubusercontent.com/73185/109548415-a1ca5c00-7af2-11eb-9b1d-fd636cf5189c.png]
[www.chatwoot.com/docs/self-hosted/configuration/features/email-channel/conversation-continuity.html]
[user-images.githubusercontent.com/34171640/128574548-7f2d6521-e79d-47bc-8f8d-6e8d7ca28ae1.png]
[user-images.githubusercontent.com/34171640/128575349-493efe35-86b9-48ea-84ff-cab7020fd832.jpg]
[user-images.githubusercontent.com/34171640/128575151-9a3fe484-7f1d-43f9-968f-c9841c4d10d1.jpg]
[user-images.githubusercontent.com/34171640/128576943-7f8267b5-d81a-4583-8a40-4941c7700d2b.png]
[user-images.githubusercontent.com/34171640/128578295-f62fed61-3401-4a4b-a564-f61f282b8c07.png]
[user-images.githubusercontent.com/34171640/128581269-2728e8d4-9c5f-4361-ba4f-3543a0f9a9d8.png]
[user-images.githubusercontent.com/34171640/128581298-1271781f-6985-48b2-9ef9-e210ed5b6ecb.png]
[user-images.githubusercontent.com/34171640/128581410-52834258-e826-4c2f-9868-a6c21c9a1ff9.png]
[user-images.githubusercontent.com/34171640/128581457-ff5e385c-4d7e-4ebb-8f87-28fd5a243798.png]
[user-images.githubusercontent.com/34171640/128582096-766a2835-04b9-47f0-8662-c602742e11f9.jpg]
[www.chatwoot.com/docs/self-hosted/configuration/features/email-channel/conversation-continuity-using-sendgrid.html]
[www.chatwoot.com/docs/assets/images/mail-channel-step1-9b1a5966693305087eede193921ebfab.png]
[www.chatwoot.com/docs/assets/images/mail-channel-step2-e60b53a5e0f79abd116f3425a15ef54e.png]
[www.chatwoot.com/docs/assets/images/set-forwarder-email-6b6cbf37389d6c1c2cba4b8680d9f65a.png]
[www.chatwoot.com/docs/assets/images/mail-channel-box-c355573e36c2e1209efd603520acbe78.png]
[www.chatwoot.com/docs/self-hosted/configuration/features/email-channel/setup.html]
[www.chatwoot.com/docs/assets/images/fb_api_version-4b0e363cec6a9c9c44ac343a69dd9659.png]
[www.chatwoot.com/docs/self-hosted/configuration/features/integrations/facebook-channel-setup.html]
[www.chatwoot.com/docs/assets/images/register_domain-195b288be23407cbb629034b5916d6ad.png]
[www.chatwoot.com/docs/assets/images/instagram_graph_api-494f90a4cf2380c0e8f2b50c24f7ae4f.png]
[www.chatwoot.com/docs/assets/images/setup_callback-08188ee7a6912f97fb00d8351cf994c7.png]
[www.chatwoot.com/docs/assets/images/subscribe-8f2c4904ecaaf4c32020c5d5cc9214cd.png]
[www.chatwoot.com/docs/self-hosted/configuration/features/integrations/instagram-channel-setup.html]
[www.chatwoot.com/docs/assets/images/standalone-app-c1b6592bb6770a9f52a3e6ac73f8f404.png]
[www.chatwoot.com/docs/assets/images/name-your-app-3224e945b03b50c2c6ed275a65d051cf.png]
[www.chatwoot.com/docs/assets/images/add-api-keys-3998e17cbb44ab41a10b3374181216fe.png]
[www.chatwoot.com/docs/assets/images/app-details-66692d6c1da579f3c76199a15ad55d40.png]
[www.chatwoot.com/docs/assets/images/app-oauth-info-a2218d7e5b3382ec32d25af6b0215b9a.png]
[www.chatwoot.com/docs/assets/images/app-permission-2164bcc87fc333cc93a9a4047a8181e0.png]
[www.chatwoot.com/docs/assets/images/callback-url-6b0d6f090dcff0f445857e2b00126b42.png]
[www.chatwoot.com/docs/assets/images/create-project-e379639a28759cdd3aba6932b8d383a2.png]
[www.chatwoot.com/docs/assets/images/add-project-name-32f8a2d61aa362f2b2ca246778a5d7cc.png]
[www.chatwoot.com/docs/assets/images/select-project-type-5d0ce8338253bf29a435fcd9be2825ec.png]
[www.chatwoot.com/docs/assets/images/add-project-details-ea42145acdc1c5127b3cc9fc364f1a4b.png]
[www.chatwoot.com/docs/assets/images/project-app-name-d8e34edc312eafdad0e4e28a68c8abb1.png]
[www.chatwoot.com/docs/assets/images/setup-dev-env-216d55b20d0428ddf827415522e46bc7.jpg]
[www.chatwoot.com/docs/assets/images/dev-env-acadd291469dde05364eb365a7f78527.png]
[www.chatwoot.com/docs/self-hosted/configuration/features/integrations/twitter-channel-setup.html]
[www.chatwoot.com/docs/self-hosted/configuration/features/integrations/slack-integration-setup.html]
[www.chatwoot.com/docs/self-hosted/deployment/storage/supported-providers.html]
[www.chatwoot.com/docs/assets/images/s3-users-list-a0f93bbf7bfaaf9d8f37f506fc78b338.png]
[www.chatwoot.com/docs/assets/images/user-arn-06600c7d3a93ac520fe3875bd1195693.png]
[www.chatwoot.com/docs/assets/images/aws-cors-setup-d924223a8a2b7bc40679ed8bc3feb4ff.png]
[www.chatwoot.com/docs/self-hosted/deployment/storage/s3-bucket.html]
[www.chatwoot.com/docs/assets/images/get-your-project-id-01cb65d3677fbffc37aa3a48afc2b71b.png]
[www.chatwoot.com/docs/assets/images/create-a-bucket-63ec858fc23382499b2f8e48cc8dd3a5.png]
[www.chatwoot.com/docs/assets/images/storage-admin-905031c8dc179942bcd36022621f6751.png]
[www.chatwoot.com/docs/assets/images/permissions-e0a57c5962efa6e1c9f499a76fb72672.png]
[www.chatwoot.com/docs/assets/images/json-f67a10c7a80fdbb1315f7c66d91354c6.png]
[www.chatwoot.com/docs/self-hosted/deployment/storage/gcs-bucket.html]
[www.chatwoot.com/docs/self-hosted/telemetry.html]
[www.chatwoot.com/docs/user-guide/add-inbox-settings.html]
[www.chatwoot.com/docs/user-guide/setting-up-chatwootwidget.html]
[www.chatwoot.com/docs/user-guide/add-teams-settings.html]
[www.chatwoot.com/docs/user-guide/add-label-settings.html]
[www.chatwoot.com/docs/user-guide/integrations.html]
[www.chatwoot.com/docs/user-guide/applications.html]
[www.chatwoot.com/docs/assets/images/create-an-account-button-5296c628a8ec27210abf290f696c4688.png]
[www.chatwoot.com/docs/assets/images/register-an-account-f5081f10f6b0095587105383fcfe96f0.png]
[www.chatwoot.com/docs/assets/images/email-template-7adb5f5de3c544a2c58435ef804bc21b.png]
[www.chatwoot.com/docs/assets/images/agent-dashboard-c940d795acd381bafaa72e68169647eb.png]
[www.chatwoot.com/docs/user-guide/setup-your-account/create-an-account.html]
[www.chatwoot.com/docs/assets/images/inbox_create-51dfc82171c2ceed748c7a265a4b362d.png]
[www.chatwoot.com/docs/assets/images/list_of_channels-ec1244661f03b1a5cef90bfc0bfdc673.png]
[www.chatwoot.com/docs/assets/images/create_website-0cadd2a7c140cb6c79859940a1704d52.png]
[www.chatwoot.com/docs/assets/images/add_agents-4ce66a93b37e91905ff3f4c901a1eb4b.png]
[www.chatwoot.com/docs/assets/images/finish_inbox-8f6a8a4269afee429377d37f62b036d1.268.delayed]
[www.chatwoot.com/docs/product/channels/live-chat/create-website-channel.html]
[www.chatwoot.com/docs/product/channels/facebook.html]
[www.chatwoot.com/docs/product/channels/instagram.html]
[www.chatwoot.com/docs/product/channels/twitter.html]
[www.chatwoot.com/docs/product/channels/whatsapp/twilio.html]
[www.chatwoot.com/docs/product/channels/sms/twilio.html]
[www.chatwoot.com/docs/product/channels/email/create-channel.html]
[www.chatwoot.com/docs/product/channels/api/create-channel.html]
[www.chatwoot.com/docs/product/channels/telegram.html]
[www.chatwoot.com/docs/product/channels/line.html]
[www.chatwoot.com/docs/product/channels/supported-features.html]
[www.chatwoot.com/docs/user-guide/features/canned-responses.html]
[www.chatwoot.com/docs/user-guide/features/custom-attributes.html]
[www.chatwoot.com/docs/user-guide/features/csat.html]
[www.chatwoot.com/docs/user-guide/contacts.html]
[www.chatwoot.com/docs/product/inbox/routing-conversations-round-robin.html]
[www.chatwoot.com/docs/user-guide/features/folders.html]
[www.chatwoot.com/docs/user-guide/features/keyboard-shortcuts.html]
[www.chatwoot.com/docs/user-guide/features/segments.html]
[www.chatwoot.com/docs/user-guide/features/commandbar.html]
[www.chatwoot.com/docs/user-guide/features/multilingual-support.html]
[www.chatwoot.com/docs/user-guide/reports.html]
[www.chatwoot.com/docs/user-guide/conversation-workflow.html]
[www.chatwoot.com/docs/product/others/advanced-conversation-filters.html]
[www.chatwoot.com/docs/user-guide/features/automations.html]
[www.chatwoot.com/docs/user-guide/features/pre-chat-form.html]
[www.chatwoot.com/docs/product/features/campaigns/ongoing.html]
[www.chatwoot.com/docs/product/others/agent-bots.html]
[www.chatwoot.com/docs/product/others/interactive-messages.html]
[www.chatwoot.com/docs/product/features/webhooks.html]
[www.chatwoot.com/docs/product/others/websocket-events.html]
[www.chatwoot.com/docs/product/others/cookies.html]
[www.chatwoot.com/docs/product/mobile-app/android.html]
[www.chatwoot.com/docs/product/mobile-app/ios.html]
[www.chatwoot.com/docs/product/others/faq.html]
[www.chatwoot.com/docs/user-guide/setup-your-account/configure-your-profile.html]
[www.chatwoot.com/docs/user-guide/setup-your-account/configure-account-details.html]
[www.chatwoot.com/docs/user-guide/add-agent-settings.html]
[www.chatwoot.com/docs/product/channels/whatsapp/360dialog.html]
[www.chatwoot.com/docs/product/channels/sms/bandwidth.html]
[www.chatwoot.com/docs/contributing-guide/environment-setup/mac-os.html]
[www.chatwoot.com/docs/contributing-guide/environment-setup/ubuntu.html]
[www.chatwoot.com/docs/contributing-guide/environment-setup/windows.html]
[www.chatwoot.com/docs/contributing-guide/environment-setup/docker.html]
[www.chatwoot.com/docs/contributing-guide/project-setup.html]
[www.chatwoot.com/docs/contributing-guide/environment-variables.html]
[www.chatwoot.com/docs/contributing-guide/common-errors.html]
[www.chatwoot.com/docs/contributing-guide/telegram-channel-setup.html]
[www.chatwoot.com/docs/contributing-guide/line-channel-setup.html]
[www.chatwoot.com/docs/contributing-guide/mobile-app/setup-guide.html]
[www.chatwoot.com/docs/contributing-guide/mobile-app/custom-release-guide.html]
[www.chatwoot.com/docs/contributing-guide/tests/cypress.html]
[www.chatwoot.com/docs/contributing-guide/translation-guidelines.html]
[www.chatwoot.com/docs/contributing-guide/api-documentation.html]
[www.chatwoot.com/docs/contributing-guide/code-of-conduct.html]
[www.chatwoot.com/docs/contributing-guide/contributors.html]
[www.chatwoot.com/docs/handbook/engineering/issue-triage.html]
[www.chatwoot.com/docs/handbook/engineering/pr-guidelines.html]
[www.chatwoot.com/docs/handbook/about-chatwoot/investors.html]
[www.chatwoot.com/docs/handbook/how-we-work/communication.html]
[www.chatwoot.com/docs/handbook/design/guidelines.html]
[www.chatwoot.com/docs/handbook/engineering/frontend-guidelines.html]
[www.chatwoot.com/docs/handbook/engineering/release-process.html]
[www.chatwoot.com/docs/handbook/engineering/scheduled-maintenance.html]
[www.chatwoot.com/docs/handbook/engineering/swagger-documentation.html]
[www.chatwoot.com/docs/handbook/engineering/faq.html]
[www.chatwoot.com/docs/handbook/marketing/playbook.html]
[www.chatwoot.com/docs/handbook/marketing/blog-post.html]
[www.chatwoot.com/docs/handbook/marketing/guidelines-taking-product-screenshots-or-screencasts.html]
[www.chatwoot.com/docs/handbook/marketing/brand-guidelines.html]
[www.chatwoot.com/docs/product/channels/live-chat/sdk/setup.html]
[www.chatwoot.com/docs/product/channels/live-chat/sdk/identity-validation.html]
[www.chatwoot.com/docs/product/channels/live-chat/sdk/live-chat-dark-mode.html]
[www.chatwoot.com/docs/product/channels/live-chat/conversation-continuity.html]
[www.chatwoot.com/docs/product/channels/live-chat/webflow-integration.html]
[www.chatwoot.com/docs/product/channels/live-chat/integrations/docusaurus.html]
[www.chatwoot.com/docs/product/channels/live-chat/integrations/google-tag-manager.html]
[www.chatwoot.com/docs/product/channels/live-chat/integrations/react-native-widget.html]
[www.chatwoot.com/docs/product/channels/live-chat/integrations/nextjs.html]
[www.chatwoot.com/docs/product/channels/live-chat/integrations/vue.html]
[www.chatwoot.com/docs/product/channels/live-chat/integrations/gatsby.html]
[www.chatwoot.com/docs/product/features/slack.html]
[www.chatwoot.com/docs/product/features/campaigns/one-off.html]
[cloud.headwayapp.co/changelogs_images/images/big/000/071/430-28984d3ece2cd11642fe077aae909cb657a96136.html]
[cloud.headwayapp.co/changelogs_images/images/big/000/071/431-d462acca4e3b3f130def92ffb4d6a1d495c5f847.html]
[cloud.headwayapp.co/changelogs_images/images/big/000/071/432-809e025f0a17249cb646c47310a2b4565e85564f.html]
[cloud.headwayapp.co/changelogs_images/images/big/000/071/436-4425dce0bcae54de84b178fb7cf39b18c368220d.html]
[cloud.headwayapp.co/changelogs_images/images/big/000/069/672-0d4aeecc4fbcf3fe1f105e3fb6dede21bf9750da.html]
[cloud.headwayapp.co/changelogs_images/images/big/000/069/673-131d4733e1c20ac9965c1fbb3fdd6c15a7a16382.html]
[cloud.headwayapp.co/changelogs_images/images/big/000/069/674-825a890df0d18f9158b0b6b7cc09e099727a69eb.html]
[cloud.headwayapp.co/changelogs_images/images/big/000/069/676-f502492bd5af86be093d6eb02f8994f20bc58b4e.html]
[cloud.headwayapp.co/changelogs_images/images/big/000/067/846-251e381db4759a3c470cecfcd03a3eae101a7382.html]
[cloud.headwayapp.co/changelogs_images/images/big/000/067/708-6f8f35b77d893c2664519657e5023b676964cf68.html]
[cloud.headwayapp.co/changelogs_images/images/big/000/067/845-e87636f5d4b1649a04b6ea3b4c4d02c0b44d6c2f.html]
[cloud.headwayapp.co/changelogs_images/images/big/000/066/318-504004882076f381983efb3161b8bd38f40c3ca8.html]
[cloud.headwayapp.co/changelogs_images/images/big/000/062/490-2422a50cdd5effbd3b7833483a37b7a48fd42cb4.html]
[cloud.headwayapp.co/changelogs_images/images/big/000/062/493-d2451210db54961aecd55ed9c7bb42b6684885ea.html]
[cloud.headwayapp.co/changelogs_images/images/big/000/060/815-03a5b02709c5727fa871bdfcc163a7a1d2475818.html]
[cloud.headwayapp.co/changelogs_images/images/big/000/060/816-27ff79ce71f207d9f01007d2964dbbe4720d0ac1.html]
[cloud.headwayapp.co/changelogs_images/images/big/000/061/011-d575aea8a10c7a1722d17d697ca4d13856f89e3e.html]
[cloud.headwayapp.co/changelogs_images/images/big/000/061/010-88cd2593c2ee5fccd65443c0cd6db7fc0f4d9fd5.html]
[cloud.headwayapp.co/changelogs_images/images/big/000/059/462-c53c9682c6c50a82411fd865676f75d2d536401e.html]
[cloud.headwayapp.co/changelogs_images/images/big/000/057/804-60c9f3427d3326b54584819cb882c186bd68ef29.html]
[cloud.headwayapp.co/changelogs_images/images/big/000/057/805-eba34d02a9e4cf0b3ac26d19942ab933c6e5b8f8.html]
[cloud.headwayapp.co/changelogs_images/images/big/000/056/182-0346b6b132d586ed6d00b92b3e297ac8503dcbe3.html]
[cloud.headwayapp.co/changelogs_images/images/big/000/056/183-9ecd07871ee9513b90944d3c752ba1bb0fe7b001.html]
[cloud.headwayapp.co/changelogs_images/images/big/000/056/184-55bd092b0334605f4a76118ba9dab02b45531e7c.html]
[cloud.headwayapp.co/changelogs_images/images/big/000/056/186-42863d206941324aa5011b9475b9fee222d48fc9.html]
[cloud.headwayapp.co/changelogs_images/images/big/000/056/188-9537b4ab87289e8132a63250c0c9cb05ea855e7e.html]
[cloud.headwayapp.co/changelogs_images/images/big/000/053/009-0350d4a3dfacb52267f5f2657be4e18478f2aa38.html]
[cloud.headwayapp.co/changelogs_images/images/big/000/053/007-03e2950a22d4e1d1d3ab4cd2423c9fe534b5e20a.html]
[cloud.headwayapp.co/changelogs_images/images/big/000/052/307-29f7d4df4eb4511267b8e2e80bfc7114bb1ff8fc.html]
[cloud.headwayapp.co/changelogs_images/images/big/000/052/303-76323e092985b471ad88fdc91d44f6b8a13d2349.html]
[cloud.headwayapp.co/changelogs_images/images/big/000/052/302-1cecd3afba5e51ff96759ae6b11b99044a2262fc.html]
[cloud.headwayapp.co/changelogs_images/images/big/000/050/498-58e301ee01d1b84ca75b4ac151ed750135d6b31a.html]
[cloud.headwayapp.co/changelogs_images/images/big/000/050/499-c0efa7549e643e0bcfa995956f3defb3e169b691.html]
[cloud.headwayapp.co/changelogs_images/images/big/000/050/501-f5e257c7e0c1f19f6cdd4092141af83bd027e502.html]
[cloud.headwayapp.co/changelogs_images/images/big/000/050/502-89c3c408af6b8908c94ce22b78b791c37b5de2d7.html]
[cloud.headwayapp.co/changelogs_images/images/big/000/048/672-65c6f84daa31a62b9a2ae03c1d6ce027e90fa4bb.html]
[cloud.headwayapp.co/changelogs_images/images/big/000/048/662-441271dae115ab688ee9b52c888fb947257e7f24.html]
[cloud.headwayapp.co/changelogs_images/images/big/000/048/671-ab5a3f8dbdbf501e525d1e369c2b61fd70ac9b00.html]
[cloud.headwayapp.co/changelogs_images/images/big/000/046/953-a4f9a120271e64f3127981b3bd47e8462f7a7a3e.html]
[cloud.headwayapp.co/changelogs_images/images/big/000/046/954-cf845cc25e65d03b118031c2cd363e74e7862ff1.html]
[cloud.headwayapp.co/changelogs_images/images/big/000/046/951-b770f1612069a58ad7f0d12051d6bf7568d44641.html]
[cloud.headwayapp.co/changelogs_images/images/big/000/046/955-516b0b7168da1b6cdc16be722e6447392d47a009.html]
[cloud.headwayapp.co/changelogs_images/images/big/000/046/947-e1ea0741d0b7b31854a6eaaba50af4a2fc06c5bd.html]
[www.chatwoot.com/docs/user-guide/add-inbox-settings.html]
[www.chatwoot.com/docs/user-guide/setting-up-chatwootwidget.html]
[www.chatwoot.com/docs/user-guide/add-teams-settings.html]
[www.chatwoot.com/docs/user-guide/add-label-settings.html]
[www.chatwoot.com/docs/user-guide/integrations.html]
[www.chatwoot.com/docs/user-guide/applications.html]
